
⚙️ Loading bot extensions...
📦 Loaded extension: cogs.ai
📦 Loaded extension: cogs.github

📡 Connecting to Discord Gateway...

=============================================
🚀 Bot Status  : ONLINE
🤖 Bot Identity: Coder#0885 (ID: 1537085683955535923)
🌐 Guilds      : Connected to 2 server(s)
⚡ Prefix      : 'c!'
=============================================


👋 Bot shutting down gracefully. Catch ya later!

⚙️ Scanning & loading all cogs...
📦 Loaded extension: cogs.github
📦 Loaded extension: cogs.api
📦 Loaded extension: cogs.help
📦 Loaded extension: cogs.skills
📦 Loaded extension: cogs.ai

📡 Connecting to Discord Gateway...

=============================================
🚀 Bot Status  : ONLINE
🤖 Bot Identity: Coder#0885 (ID: 1537085683955535923)
🌐 Guilds      : Connected to 2 server(s)
⚡ Prefix      : 'c!'
=============================================


👋 Bot shutting down gracefully. Catch ya later!
==========================================
🚀 Starting Coder-Bot Ecosystem...
==========================================
📡 Launching API Server (api_server.py)...
INFO:     Will watch for changes in these directories: ['/home/server/coder-bot']
INFO:     Uvicorn running on http://0.0.0.0:8000 (Press CTRL+C to quit)
INFO:     Started reloader process [4544] using StatReload
INFO:     Started server process [4547]
INFO:     Waiting for application startup.
INFO:     Application startup complete.
🤖 Launching Discord Bot (main.py)...
Terminated

🛑 Shutdown signal received! Stopping all processes...
👋 All services stopped cleanly.
INFO:     Shutting down
INFO:     Waiting for application shutdown.
INFO:     Application shutdown complete.
INFO:     Finished server process [4547]
INFO:     Stopping reloader process [4544]
